
> quantsight-dashboard-v1@1.1.0 electron:build:win
> npm run build && electron-builder --win


> quantsight-dashboard-v1@1.1.0 build
> tsc && vite build

node.exe : [33mThe CJS build of Vite's Node API is deprecated. See http
s://vite.dev/guide/troubleshooting.html#vite-cjs-node-api-deprecated 
for more details.[39m
At line:1 char:1
+ & "C:\Program Files\nodejs/node.exe" "C:\Program Files\nodejs/node_mo 
...
+ ~~~~~~~~~~~~~~~~~~~~~~~~~~~~~~~~~~~~~~~~~~~~~~~~~~~~~~~~~~~~~~~~~~~~~
    + CategoryInfo          : NotSpecified: ([33mThe CJS bu...e detail 
   s.[39m:String) [], RemoteException
    + FullyQualifiedErrorId : NativeCommandError
 
[36mvite v5.4.21 [32mbuilding for production...[36m[39m
transforming...
(node:45540) [MODULE_TYPELESS_PACKAGE_JSON] Warning: Module type of file
:///C:/Users/georg/quantsight_engine/quantsight_dashboard_v1/postcss.con
fig.js is not specified and it doesn't parse as CommonJS.
Reparsing as ES module because module syntax was detected. This incurs 
a performance overhead.
To eliminate this warning, add "type": "module" to 
C:\Users\georg\quantsight_engine\quantsight_dashboard_v1\package.json.
(Use `node --trace-warnings ...` to show where the warning was created)
[32mΓ£ô[39m 2872 modules transformed.
rendering chunks...
computing gzip size...
[2mdist/[22m[32mindex.html                 [39m[1m[2m  0.69 kB[22m[1m[22m[2m Γöé gzip:   0.41 kB[22m
[2mdist/[22m[35massets/index-DzS1v7fA.css  [39m[1m[2m 44.34 kB[22m[1m[22m[2m Γöé gzip:   8.45 kB[22m
[2mdist/[22m[36massets/index-DcUUjxFs.js   [39m[1m[33m731.05 kB[39m[22m[2m Γöé gzip: 225.57 kB[22m
[33m
(!) Some chunks are larger than 500 kB after minification. Consider:
- Using dynamic import() to code-split the application
- Use build.rollupOptions.output.manualChunks to improve chunking: 
https://rollupjs.org/configuration-options/#output-manualchunks
- Adjust chunk size limit for this warning via 
build.chunkSizeWarningLimit.[39m
[32mΓ£ô built in 3.31s[39m
  ΓÇó electron-builder  version=24.13.3 os=10.0.26200
  ΓÇó loaded configuration  file=package.json ("build" field)
  ΓÇó packaging       platform=win32 arch=x64 electron=28.3.3 appOutDir=release\win-unpacked
  ΓÇó building        target=nsis file=release\QuantSight-Setup-1.1.0.exe archs=x64 oneClick=false perMachine=false
  ΓÇó building block map  blockMapFile=release\QuantSight-Setup-1.1.0.exe.blockmap
