================================================================================
NBA HEADSHOT CDN TEST
================================================================================

[TEST] Testing with 10 sample players:


[PLAYER] Taran Armstrong (ID: 1642379, Team: GSW, Pos: None)
--------------------------------------------------------------------------------
  [OK]   260x190         - SUCCESS: https://cdn.nba.com/headshots/nba/latest/260x190/1642379.png
  [OK]   1040x760        - SUCCESS: https://cdn.nba.com/headshots/nba/latest/1040x760/1642379.png
  [FAIL] CDN Legacy      - FAILED (403): https://ak-static.cms.nba.com/wp-content/uploads/headshots/nba/latest/260x190/1642379.png

[PLAYER] Seth Lundy (ID: 1641754, Team: LAC, Pos: None)
--------------------------------------------------------------------------------
  [OK]   260x190         - SUCCESS: https://cdn.nba.com/headshots/nba/latest/260x190/1641754.png
  [OK]   1040x760        - SUCCESS: https://cdn.nba.com/headshots/nba/latest/1040x760/1641754.png
  [OK]   CDN Legacy      - SUCCESS: https://ak-static.cms.nba.com/wp-content/uploads/headshots/nba/latest/260x190/1641754.png

[PLAYER] Derrick Rose (ID: 201565, Team: MEM, Pos: None)
--------------------------------------------------------------------------------
  [OK]   260x190         - SUCCESS: https://cdn.nba.com/headshots/nba/latest/260x190/201565.png
  [OK]   1040x760        - SUCCESS: https://cdn.nba.com/headshots/nba/latest/1040x760/201565.png
  [OK]   CDN Legacy      - SUCCESS: https://ak-static.cms.nba.com/wp-content/uploads/headshots/nba/latest/260x190/201565.png

[PLAYER] Danilo Gallinari (ID: 201568, Team: WAS, Pos: None)
--------------------------------------------------------------------------------
  [OK]   260x190         - SUCCESS: https://cdn.nba.com/headshots/nba/latest/260x190/201568.png
  [OK]   1040x760        - SUCCESS: https://cdn.nba.com/headshots/nba/latest/1040x760/201568.png
  [OK]   CDN Legacy      - SUCCESS: https://ak-static.cms.nba.com/wp-content/uploads/headshots/nba/latest/260x190/201568.png

[PLAYER] Patrick Beverley (ID: 201976, Team: MIL, Pos: None)
--------------------------------------------------------------------------------
  [OK]   260x190         - SUCCESS: https://cdn.nba.com/headshots/nba/latest/260x190/201976.png
  [OK]   1040x760        - SUCCESS: https://cdn.nba.com/headshots/nba/latest/1040x760/201976.png
  [OK]   CDN Legacy      - SUCCESS: https://ak-static.cms.nba.com/wp-content/uploads/headshots/nba/latest/260x190/201976.png

[PLAYER] Gordon Hayward (ID: 202330, Team: CHA, Pos: None)
--------------------------------------------------------------------------------
  [OK]   260x190         - SUCCESS: https://cdn.nba.com/headshots/nba/latest/260x190/202330.png
  [OK]   1040x760        - SUCCESS: https://cdn.nba.com/headshots/nba/latest/1040x760/202330.png
  [OK]   CDN Legacy      - SUCCESS: https://ak-static.cms.nba.com/wp-content/uploads/headshots/nba/latest/260x190/202330.png

[PLAYER] Ish Smith (ID: 202397, Team: CHA, Pos: None)
--------------------------------------------------------------------------------
  [OK]   260x190         - SUCCESS: https://cdn.nba.com/headshots/nba/latest/260x190/202397.png
  [OK]   1040x760        - SUCCESS: https://cdn.nba.com/headshots/nba/latest/1040x760/202397.png
  [OK]   CDN Legacy      - SUCCESS: https://ak-static.cms.nba.com/wp-content/uploads/headshots/nba/latest/260x190/202397.png

[PLAYER] Marcus Morris Sr. (ID: 202694, Team: PHI, Pos: None)
--------------------------------------------------------------------------------
  [OK]   260x190         - SUCCESS: https://cdn.nba.com/headshots/nba/latest/260x190/202694.png
  [OK]   1040x760        - SUCCESS: https://cdn.nba.com/headshots/nba/latest/1040x760/202694.png
  [OK]   CDN Legacy      - SUCCESS: https://ak-static.cms.nba.com/wp-content/uploads/headshots/nba/latest/260x190/202694.png

[PLAYER] Bojan Bogdanovic (ID: 202711, Team: NYK, Pos: None)
--------------------------------------------------------------------------------
  [OK]   260x190         - SUCCESS: https://cdn.nba.com/headshots/nba/latest/260x190/202711.png
  [OK]   1040x760        - SUCCESS: https://cdn.nba.com/headshots/nba/latest/1040x760/202711.png
  [OK]   CDN Legacy      - SUCCESS: https://ak-static.cms.nba.com/wp-content/uploads/headshots/nba/latest/260x190/202711.png

[PLAYER] Christian Wood (ID: 1626174, Team: LAL, Pos: None)
--------------------------------------------------------------------------------
  [OK]   260x190         - SUCCESS: https://cdn.nba.com/headshots/nba/latest/260x190/1626174.png
  [OK]   1040x760        - SUCCESS: https://cdn.nba.com/headshots/nba/latest/1040x760/1626174.png
  [OK]   CDN Legacy      - SUCCESS: https://ak-static.cms.nba.com/wp-content/uploads/headshots/nba/latest/260x190/1626174.png

================================================================================
SUMMARY
================================================================================

[PATTERN] 260x190
   Success: 10/10 (100.0%)
   Working examples:
     * Taran Armstrong: https://cdn.nba.com/headshots/nba/latest/260x190/1642379.png
     * Seth Lundy: https://cdn.nba.com/headshots/nba/latest/260x190/1641754.png
     * Derrick Rose: https://cdn.nba.com/headshots/nba/latest/260x190/201565.png

[PATTERN] 1040x760
   Success: 10/10 (100.0%)
   Working examples:
     * Taran Armstrong: https://cdn.nba.com/headshots/nba/latest/1040x760/1642379.png
     * Seth Lundy: https://cdn.nba.com/headshots/nba/latest/1040x760/1641754.png
     * Derrick Rose: https://cdn.nba.com/headshots/nba/latest/1040x760/201565.png

[PATTERN] CDN Legacy
   Success: 9/10 (90.0%)
   Working examples:
     * Seth Lundy: https://ak-static.cms.nba.com/wp-content/uploads/headshots/nba/latest/260x190/1641754.png
     * Derrick Rose: https://ak-static.cms.nba.com/wp-content/uploads/headshots/nba/latest/260x190/201565.png
     * Danilo Gallinari: https://ak-static.cms.nba.com/wp-content/uploads/headshots/nba/latest/260x190/201568.png

================================================================================
RECOMMENDATIONS
================================================================================

[BEST] Best CDN pattern: 260x190
  Success rate: 10/10

  Recommended URL template:
  https://cdn.nba.com/headshots/nba/latest/260x190/{player_id}.png

================================================================================
NEXT STEPS
================================================================================

1. If CDN URLs work: Update backend avatar logic to use the best pattern
2. If CDN URLs fail: Check player ID format in database
3. Always implement fallback to generic avatars (ui-avatars.com)
4. Consider caching successful headshot URLs to reduce CDN requests
    
